Analyzing coding_tracker_app...                                 

warning - Unused import: 'package:flutter/material.dart' - lib\models\achievement.dart:1:8 - unused_import
   info - The private field _codeforcesLoading could be 'final' - lib\providers\stats_provider.dart:29:8 - prefer_final_fields
   info - The private field _codechefLoading could be 'final' - lib\providers\stats_provider.dart:30:8 - prefer_final_fields
   info - The private field _gfgLoading could be 'final' - lib\providers\stats_provider.dart:31:8 - prefer_final_fields
   info - The private field _hackerrankLoading could be 'final' - lib\providers\stats_provider.dart:32:8 - prefer_final_fields
warning - The declaration '_isFresh' isn't referenced - lib\providers\stats_provider.dart:110:8 - unused_element
warning - The declaration '_calculateAnalytics' isn't referenced - lib\providers\stats_provider.dart:162:8 - unused_element
   info - The member 'notifyListeners' overrides an inherited member but isn't annotated with '@override' - lib\providers\stats_provider.dart:193:5 - annotate_overrides
  error - The function '_isFresh' isn't defined - lib\providers\stats_provider.dart:199:9 - undefined_function
  error - Undefined name '_leetcodeLastFetch' - lib\providers\stats_provider.dart:199:18 - undefined_identifier
  error - Undefined name '_leetcodeCacheDuration' - lib\providers\stats_provider.dart:199:38 - undefined_identifier
  error - Undefined name '_leetcodeStats' - lib\providers\stats_provider.dart:200:9 - undefined_identifier
  error - Undefined name '_leetcodeLoading' - lib\providers\stats_provider.dart:205:5 - undefined_identifier
  error - Undefined name '_leetcodeError' - lib\providers\stats_provider.dart:206:5 - undefined_identifier
  error - The function 'notifyListeners' isn't defined - lib\providers\stats_provider.dart:207:5 - undefined_function
  error - Undefined name '_leetcodeStats' - lib\providers\stats_provider.dart:210:7 - undefined_identifier
  error - Undefined name '_leetcodeLastFetch' - lib\providers\stats_provider.dart:211:7 - undefined_identifier
  error - The function '_calculateAnalytics' isn't defined - lib\providers\stats_provider.dart:212:7 - undefined_function
  error - Undefined name '_leetcodeError' - lib\providers\stats_provider.dart:215:7 - undefined_identifier
  error - Undefined name '_leetcodeLoading' - lib\providers\stats_provider.dart:221:5 - undefined_identifier
  error - The function 'notifyListeners' isn't defined - lib\providers\stats_provider.dart:222:5 - undefined_function
  error - The function '_isFresh' isn't defined - lib\providers\stats_provider.dart:228:9 - undefined_function
  error - Undefined name '_codeforcesLastFetch' - lib\providers\stats_provider.dart:228:18 - undefined_identifier
  error - Undefined name '_otherCacheDuration' - lib\providers\stats_provider.dart:228:40 - undefined_identifier
  error - Undefined name '_codeforcesStats' - lib\providers\stats_provider.dart:229:9 - undefined_identifier
  error - Undefined name '_codeforcesLoading' - lib\providers\stats_provider.dart:234:5 - undefined_identifier
  error - Undefined name '_codeforcesError' - lib\providers\stats_provider.dart:235:5 - undefined_identifier
  error - The function 'notifyListeners' isn't defined - lib\providers\stats_provider.dart:236:5 - undefined_function
  error - Undefined name '_codeforcesStats' - lib\providers\stats_provider.dart:239:7 - undefined_identifier
  error - Undefined name '_codeforcesLastFetch' - lib\providers\stats_provider.dart:240:7 - undefined_identifier
  error - Undefined name '_codeforcesError' - lib\providers\stats_provider.dart:242:7 - undefined_identifier
  error - Undefined name '_codeforcesLoading' - lib\providers\stats_provider.dart:246:5 - undefined_identifier
  error - The function 'notifyListeners' isn't defined - lib\providers\stats_provider.dart:247:5 - undefined_function
  error - The function '_isFresh' isn't defined - lib\providers\stats_provider.dart:253:9 - undefined_function
  error - Undefined name '_codechefLastFetch' - lib\providers\stats_provider.dart:253:18 - undefined_identifier
  error - Undefined name '_otherCacheDuration' - lib\providers\stats_provider.dart:253:38 - undefined_identifier
  error - Undefined name '_codechefStats' - lib\providers\stats_provider.dart:254:9 - undefined_identifier
  error - Undefined name '_codechefLoading' - lib\providers\stats_provider.dart:259:5 - undefined_identifier
  error - Undefined name '_codechefError' - lib\providers\stats_provider.dart:260:5 - undefined_identifier
  error - The function 'notifyListeners' isn't defined - lib\providers\stats_provider.dart:261:5 - undefined_function
  error - Undefined name '_codechefStats' - lib\providers\stats_provider.dart:264:7 - undefined_identifier
  error - Undefined name '_codechefLastFetch' - lib\providers\stats_provider.dart:265:7 - undefined_identifier
  error - Undefined name '_codechefError' - lib\providers\stats_provider.dart:267:7 - undefined_identifier
  error - Undefined name '_codechefLoading' - lib\providers\stats_provider.dart:271:5 - undefined_identifier
  error - The function 'notifyListeners' isn't defined - lib\providers\stats_provider.dart:272:5 - undefined_function
  error - The function '_isFresh' isn't defined - lib\providers\stats_provider.dart:278:9 - undefined_function
  error - Undefined name '_gfgLastFetch' - lib\providers\stats_provider.dart:278:18 - undefined_identifier
  error - Undefined name '_otherCacheDuration' - lib\providers\stats_provider.dart:278:33 - undefined_identifier
  error - Undefined name '_gfgStats' - lib\providers\stats_provider.dart:279:9 - undefined_identifier
  error - Undefined name '_gfgLoading' - lib\providers\stats_provider.dart:284:5 - undefined_identifier
  error - Undefined name '_gfgError' - lib\providers\stats_provider.dart:285:5 - undefined_identifier
  error - The function 'notifyListeners' isn't defined - lib\providers\stats_provider.dart:286:5 - undefined_function
  error - Undefined name '_gfgStats' - lib\providers\stats_provider.dart:289:7 - undefined_identifier
  error - Undefined name '_gfgLastFetch' - lib\providers\stats_provider.dart:290:7 - undefined_identifier
  error - Undefined name '_gfgError' - lib\providers\stats_provider.dart:292:7 - undefined_identifier
  error - Undefined name '_gfgLoading' - lib\providers\stats_provider.dart:296:5 - undefined_identifier
  error - The function 'notifyListeners' isn't defined - lib\providers\stats_provider.dart:297:5 - undefined_function
  error - The function '_isFresh' isn't defined - lib\providers\stats_provider.dart:303:9 - undefined_function
  error - Undefined name '_hackerrankLastFetch' - lib\providers\stats_provider.dart:303:18 - undefined_identifier
  error - Undefined name '_otherCacheDuration' - lib\providers\stats_provider.dart:303:40 - undefined_identifier
  error - Undefined name '_hackerrankStats' - lib\providers\stats_provider.dart:304:9 - undefined_identifier
  error - Undefined name '_hackerrankLoading' - lib\providers\stats_provider.dart:309:5 - undefined_identifier
  error - Undefined name '_hackerrankError' - lib\providers\stats_provider.dart:310:5 - undefined_identifier
  error - The function 'notifyListeners' isn't defined - lib\providers\stats_provider.dart:311:5 - undefined_function
  error - Undefined name '_hackerrankStats' - lib\providers\stats_provider.dart:314:7 - undefined_identifier
  error - Undefined name '_hackerrankLastFetch' - lib\providers\stats_provider.dart:315:7 - undefined_identifier
  error - Undefined name '_hackerrankError' - lib\providers\stats_provider.dart:317:7 - undefined_identifier
  error - Undefined name '_hackerrankLoading' - lib\providers\stats_provider.dart:321:5 - undefined_identifier
  error - The function 'notifyListeners' isn't defined - lib\providers\stats_provider.dart:322:5 - undefined_function
  error - Undefined name '_leetcodeStats' - lib\providers\stats_provider.dart:361:5 - undefined_identifier
  error - Undefined name '_codeforcesStats' - lib\providers\stats_provider.dart:362:5 - undefined_identifier
  error - Undefined name '_codechefStats' - lib\providers\stats_provider.dart:363:5 - undefined_identifier
  error - Undefined name '_gfgStats' - lib\providers\stats_provider.dart:364:5 - undefined_identifier
  error - Undefined name '_leetcodeLastFetch' - lib\providers\stats_provider.dart:365:5 - undefined_identifier
  error - Undefined name '_codeforcesLastFetch' - lib\providers\stats_provider.dart:366:5 - undefined_identifier
  error - Undefined name '_codechefLastFetch' - lib\providers\stats_provider.dart:367:5 - undefined_identifier
  error - Undefined name '_gfgLastFetch' - lib\providers\stats_provider.dart:368:5 - undefined_identifier
  error - Undefined name '_leetcodeError' - lib\providers\stats_provider.dart:369:5 - undefined_identifier
  error - Undefined name '_codeforcesError' - lib\providers\stats_provider.dart:370:5 - undefined_identifier
  error - Undefined name '_codechefError' - lib\providers\stats_provider.dart:371:5 - undefined_identifier
  error - Undefined name '_gfgError' - lib\providers\stats_provider.dart:372:5 - undefined_identifier
  error - Undefined name '_hackerrankError' - lib\providers\stats_provider.dart:373:5 - undefined_identifier
  error - The function 'notifyListeners' isn't defined - lib\providers\stats_provider.dart:374:5 - undefined_function
  error - Expected a method, getter, setter or operator declaration - lib\providers\stats_provider.dart:376:1 - expected_executable
warning - The value of the field '_codechefBrown' isn't used - lib\screens\codechef_stats_screen.dart:20:16 - unused_field
warning - The value of the field '_codechefGold' isn't used - lib\screens\codechef_stats_screen.dart:22:16 - unused_field
  error - The method 'fetchCodeChefStats' isn't defined for the type 'StatsProvider' - lib\screens\codechef_stats_screen.dart:32:15 - undefined_method
  error - The method 'fetchCodeChefStats' isn't defined for the type 'StatsProvider' - lib\screens\codechef_stats_screen.dart:42:13 - undefined_method
  error - The method 'fetchCodeforcesStats' isn't defined for the type 'StatsProvider' - lib\screens\codeforces_stats_screen.dart:26:17 - undefined_method
warning - Unused import: '../widgets/developer_score_card.dart' - lib\screens\dashboard_screen.dart:11:8 - unused_import
warning - Unused import: '../widgets/monthly_progress_chart.dart' - lib\screens\dashboard_screen.dart:16:8 - unused_import
warning - Unused import: '../widgets/streak_card.dart' - lib\screens\dashboard_screen.dart:18:8 - unused_import
  error - The method 'fetchAllStats' isn't defined for the type 'StatsProvider' - lib\screens\dashboard_screen.dart:77:21 - undefined_method
   info - 'withOpacity' is deprecated and shouldn't be used. Use .withValues() to avoid precision loss - lib\screens\dashboard_screen.dart:117:114 - deprecated_member_use
   info - 'withOpacity' is deprecated and shouldn't be used. Use .withValues() to avoid precision loss - lib\screens\dashboard_screen.dart:181:57 - deprecated_member_use
   info - 'withOpacity' is deprecated and shouldn't be used. Use .withValues() to avoid precision loss - lib\screens\dashboard_screen.dart:192:55 - deprecated_member_use
   info - 'withOpacity' is deprecated and shouldn't be used. Use .withValues() to avoid precision loss - lib\screens\dashboard_screen.dart:326:67 - deprecated_member_use
   info - 'withOpacity' is deprecated and shouldn't be used. Use .withValues() to avoid precision loss - lib\screens\dashboard_screen.dart:328:77 - deprecated_member_use
   info - 'withOpacity' is deprecated and shouldn't be used. Use .withValues() to avoid precision loss - lib\screens\dashboard_screen.dart:400:70 - deprecated_member_use
   info - 'withOpacity' is deprecated and shouldn't be used. Use .withValues() to avoid precision loss - lib\screens\dashboard_screen.dart:430:64 - deprecated_member_use
  error - The method 'fetchGfgStats' isn't defined for the type 'StatsProvider' - lib\screens\gfg_stats_screen.dart:26:17 - undefined_method
   info - Unnecessary use of 'toList' in a spread - lib\screens\github_stats_screen.dart:176:26 - unnecessary_to_list_in_spreads
warning - The declaration '_buildMissingUsername' isn't referenced - lib\screens\github_stats_screen.dart:219:10 - unused_element
   info - 'withOpacity' is deprecated and shouldn't be used. Use .withValues() to avoid precision loss - lib\screens\goals_screen.dart:33:59 - deprecated_member_use
   info - 'withOpacity' is deprecated and shouldn't be used. Use .withValues() to avoid precision loss - lib\screens\goals_screen.dart:49:102 - deprecated_member_use
   info - 'withOpacity' is deprecated and shouldn't be used. Use .withValues() to avoid precision loss - lib\screens\goals_screen.dart:51:126 - deprecated_member_use
   info - 'withOpacity' is deprecated and shouldn't be used. Use .withValues() to avoid precision loss - lib\screens\goals_screen.dart:53:118 - deprecated_member_use
   info - 'withOpacity' is deprecated and shouldn't be used. Use .withValues() to avoid precision loss - lib\screens\goals_screen.dart:117:34 - deprecated_member_use
   info - 'withOpacity' is deprecated and shouldn't be used. Use .withValues() to avoid precision loss - lib\screens\goals_screen.dart:130:91 - deprecated_member_use
   info - 'withOpacity' is deprecated and shouldn't be used. Use .withValues() to avoid precision loss - lib\screens\goals_screen.dart:147:85 - deprecated_member_use
   info - 'withOpacity' is deprecated and shouldn't be used. Use .withValues() to avoid precision loss - lib\screens\goals_screen.dart:164:42 - deprecated_member_use
warning - Unused import: '../theme/app_theme.dart' - lib\screens\hackerrank_stats_screen.dart:7:8 - unused_import
  error - The method 'fetchHackerRankStats' isn't defined for the type 'StatsProvider' - lib\screens\hackerrank_stats_screen.dart:33:19 - undefined_method
warning - The value of the local variable 'theme' isn't used - lib\screens\hackerrank_stats_screen.dart:39:11 - unused_local_variable
   info - 'withOpacity' is deprecated and shouldn't be used. Use .withValues() to avoid precision loss - lib\screens\hackerrank_stats_screen.dart:135:43 - deprecated_member_use
  error - The method 'fetchLeetCodeStats' isn't defined for the type 'StatsProvider' - lib\screens\home\dialogs\edit_profile_dialog.dart:62:21 - undefined_method
   info - The private field _selectedIndex could be 'final' - lib\screens\home\home_screen.dart:20:7 - prefer_final_fields
  error - The method 'fetchAllStats' isn't defined for the type 'StatsProvider' - lib\screens\home\home_screen.dart:53:11 - undefined_method
warning - The value of the local variable 'theme' isn't used - lib\screens\home\home_screen.dart:76:11 - unused_local_variable
  error - The method 'fetchLeetCodeStats' isn't defined for the type 'StatsProvider' - lib\screens\leetcode_stats_screen.dart:55:19 - undefined_method
   info - 'withOpacity' is deprecated and shouldn't be used. Use .withValues() to avoid precision loss - lib\screens\login_screen.dart:41:47 - deprecated_member_use
   info - 'withOpacity' is deprecated and shouldn't be used. Use .withValues() to avoid precision loss - lib\screens\login_screen.dart:61:56 - deprecated_member_use
   info - 'withOpacity' is deprecated and shouldn't be used. Use .withValues() to avoid precision loss - lib\screens\login_screen.dart:87:64 - deprecated_member_use
   info - 'withOpacity' is deprecated and shouldn't be used. Use .withValues() to avoid precision loss - lib\screens\login_screen.dart:107:64 - deprecated_member_use
   info - 'withOpacity' is deprecated and shouldn't be used. Use .withValues() to avoid precision loss - lib\screens\login_screen.dart:161:58 - deprecated_member_use
   info - 'withOpacity' is deprecated and shouldn't be used. Use .withValues() to avoid precision loss - lib\screens\login_screen.dart:236:33 - deprecated_member_use
   info - 'withOpacity' is deprecated and shouldn't be used. Use .withValues() to avoid precision loss - lib\screens\login_screen.dart:238:52 - deprecated_member_use
   info - 'withOpacity' is deprecated and shouldn't be used. Use .withValues() to avoid precision loss - lib\screens\profile_screen.dart:45:59 - deprecated_member_use
   info - 'withOpacity' is deprecated and shouldn't be used. Use .withValues() to avoid precision loss - lib\screens\profile_screen.dart:70:63 - deprecated_member_use
   info - 'withOpacity' is deprecated and shouldn't be used. Use .withValues() to avoid precision loss - lib\screens\profile_screen.dart:87:62 - deprecated_member_use
   info - 'withOpacity' is deprecated and shouldn't be used. Use .withValues() to avoid precision loss - lib\screens\profile_screen.dart:176:57 - deprecated_member_use
   info - 'withOpacity' is deprecated and shouldn't be used. Use .withValues() to avoid precision loss - lib\screens\profile_screen.dart:219:28 - deprecated_member_use
   info - 'withOpacity' is deprecated and shouldn't be used. Use .withValues() to avoid precision loss - lib\screens\profile_screen.dart:233:68 - deprecated_member_use
   info - 'withOpacity' is deprecated and shouldn't be used. Use .withValues() to avoid precision loss - lib\screens\profile_screen.dart:267:56 - deprecated_member_use
   info - 'withOpacity' is deprecated and shouldn't be used. Use .withValues() to avoid precision loss - lib\screens\profile_screen.dart:273:96 - deprecated_member_use
   info - Don't use 'BuildContext's across async gaps, guarded by an unrelated 'mounted' check - lib\screens\profile_setup_screen.dart:157:43 - use_build_context_synchronously
   info - Don't use 'BuildContext's across async gaps, guarded by an unrelated 'mounted' check - lib\screens\profile_setup_screen.dart:173:43 - use_build_context_synchronously
   info - 'withOpacity' is deprecated and shouldn't be used. Use .withValues() to avoid precision loss - lib\screens\resume_screen.dart:175:56 - deprecated_member_use
warning - The value of the local variable 'isDark' isn't used - lib\screens\settings_screen.dart:14:11 - unused_local_variable
   info - 'withOpacity' is deprecated and shouldn't be used. Use .withValues() to avoid precision loss - lib\screens\signup_screen.dart:45:47 - deprecated_member_use
   info - 'withOpacity' is deprecated and shouldn't be used. Use .withValues() to avoid precision loss - lib\screens\signup_screen.dart:65:56 - deprecated_member_use
   info - 'withOpacity' is deprecated and shouldn't be used. Use .withValues() to avoid precision loss - lib\screens\signup_screen.dart:220:33 - deprecated_member_use
   info - 'withOpacity' is deprecated and shouldn't be used. Use .withValues() to avoid precision loss - lib\screens\signup_screen.dart:222:52 - deprecated_member_use
warning - Unused import: 'package:flutter/foundation.dart' - lib\services\gamification_service.dart:1:8 - unused_import
  error - A value of type 'TimezoneInfo' can't be assigned to a variable of type 'String' - lib\services\notification_service.dart:11:33 - invalid_assignment
  error - The named parameter 'settings' is required, but there's no corresponding argument - lib\services\notification_service.dart:25:26 - missing_required_argument
  error - Too many positional arguments: 0 expected, but 1 found - lib\services\notification_service.dart:26:7 - extra_positional_arguments_could_be_named
  error - The named parameter 'id' is required, but there's no corresponding argument - lib\services\notification_service.dart:46:26 - missing_required_argument
  error - Too many positional arguments: 0 expected, but 4 found - lib\services\notification_service.dart:46:31 - extra_positional_arguments_could_be_named
  error - The named parameter 'id' is required, but there's no corresponding argument - lib\services\notification_service.dart:57:26 - missing_required_argument
  error - The named parameter 'notificationDetails' is required, but there's no corresponding argument - lib\services\notification_service.dart:57:26 - missing_required_argument
  error - The named parameter 'scheduledDate' is required, but there's no corresponding argument - lib\services\notification_service.dart:57:26 - missing_required_argument
  error - Too many positional arguments: 0 expected, but 5 found - lib\services\notification_service.dart:58:7 - extra_positional_arguments_could_be_named
  error - The named parameter 'uiLocalNotificationDateInterpretation' isn't defined - lib\services\notification_service.dart:70:7 - undefined_named_parameter
  error - Undefined name 'UILocalNotificationDateInterpretation' - lib\services\notification_service.dart:70:46 - undefined_identifier
  error - The named parameter 'id' is required, but there's no corresponding argument - lib\services\notification_service.dart:78:26 - missing_required_argument
  error - The named parameter 'notificationDetails' is required, but there's no corresponding argument - lib\services\notification_service.dart:78:26 - missing_required_argument
  error - The named parameter 'scheduledDate' is required, but there's no corresponding argument - lib\services\notification_service.dart:78:26 - missing_required_argument
  error - Too many positional arguments: 0 expected, but 5 found - lib\services\notification_service.dart:79:7 - extra_positional_arguments_could_be_named
  error - The named parameter 'uiLocalNotificationDateInterpretation' isn't defined - lib\services\notification_service.dart:91:7 - undefined_named_parameter
  error - Undefined name 'UILocalNotificationDateInterpretation' - lib\services\notification_service.dart:91:46 - undefined_identifier
   info - 'background' is deprecated and shouldn't be used. Use surface instead. This feature was deprecated after v3.18.0-0.1.pre - lib\theme\app_theme.dart:36:9 - deprecated_member_use
   info - 'onBackground' is deprecated and shouldn't be used. Use onSurface instead. This feature was deprecated after v3.18.0-0.1.pre - lib\theme\app_theme.dart:40:9 - deprecated_member_use
   info - 'withOpacity' is deprecated and shouldn't be used. Use .withValues() to avoid precision loss - lib\theme\app_theme.dart:75:48 - deprecated_member_use
   info - 'background' is deprecated and shouldn't be used. Use surface instead. This feature was deprecated after v3.18.0-0.1.pre - lib\theme\app_theme.dart:106:9 - deprecated_member_use
   info - 'onBackground' is deprecated and shouldn't be used. Use onSurface instead. This feature was deprecated after v3.18.0-0.1.pre - lib\theme\app_theme.dart:110:9 - deprecated_member_use
  error - The method 'jetbrainsMono' isn't defined for the type 'GoogleFonts' - lib\theme\app_theme.dart:126:33 - undefined_method
  error - The method 'jetbrainsMono' isn't defined for the type 'GoogleFonts' - lib\theme\app_theme.dart:139:33 - undefined_method
   info - 'withOpacity' is deprecated and shouldn't be used. Use .withValues() to avoid precision loss - lib\theme\app_theme.dart:147:30 - deprecated_member_use
   info - 'withOpacity' is deprecated and shouldn't be used. Use .withValues() to avoid precision loss - lib\theme\app_theme.dart:150:48 - deprecated_member_use
   info - 'withOpacity' is deprecated and shouldn't be used. Use .withValues() to avoid precision loss - lib\theme\app_theme.dart:163:32 - deprecated_member_use
   info - 'withOpacity' is deprecated and shouldn't be used. Use .withValues() to avoid precision loss - lib\theme\app_theme.dart:176:54 - deprecated_member_use
   info - 'withOpacity' is deprecated and shouldn't be used. Use .withValues() to avoid precision loss - lib\theme\app_theme.dart:180:54 - deprecated_member_use
   info - 'withOpacity' is deprecated and shouldn't be used. Use .withValues() to avoid precision loss - lib\theme\app_theme.dart:187:36 - deprecated_member_use
warning - The value of the local variable 'basicTags' isn't used - lib\widgets\ai_insights_card.dart:47:11 - unused_local_variable
   info - 'withOpacity' is deprecated and shouldn't be used. Use .withValues() to avoid precision loss - lib\widgets\ai_insights_card.dart:82:40 - deprecated_member_use
   info - 'withOpacity' is deprecated and shouldn't be used. Use .withValues() to avoid precision loss - lib\widgets\ai_insights_card.dart:117:62 - deprecated_member_use
   info - 'withOpacity' is deprecated and shouldn't be used. Use .withValues() to avoid precision loss - lib\widgets\app_drawer.dart:40:36 - deprecated_member_use
   info - 'withOpacity' is deprecated and shouldn't be used. Use .withValues() to avoid precision loss - lib\widgets\app_drawer.dart:82:47 - deprecated_member_use
   info - 'withOpacity' is deprecated and shouldn't be used. Use .withValues() to avoid precision loss - lib\widgets\app_drawer.dart:224:48 - deprecated_member_use
   info - 'withOpacity' is deprecated and shouldn't be used. Use .withValues() to avoid precision loss - lib\widgets\app_drawer.dart:224:81 - deprecated_member_use
   info - 'withOpacity' is deprecated and shouldn't be used. Use .withValues() to avoid precision loss - lib\widgets\app_drawer.dart:295:32 - deprecated_member_use
   info - 'withOpacity' is deprecated and shouldn't be used. Use .withValues() to avoid precision loss - lib\widgets\app_drawer.dart:305:86 - deprecated_member_use
   info - 'withOpacity' is deprecated and shouldn't be used. Use .withValues() to avoid precision loss - lib\widgets\app_drawer.dart:310:88 - deprecated_member_use
warning - The value of the local variable 'isDark' isn't used - lib\widgets\coding_heatmap.dart:14:11 - unused_local_variable
   info - 'withOpacity' is deprecated and shouldn't be used. Use .withValues() to avoid precision loss - lib\widgets\coding_heatmap.dart:30:83 - deprecated_member_use
   info - 'withOpacity' is deprecated and shouldn't be used. Use .withValues() to avoid precision loss - lib\widgets\coding_heatmap.dart:45:35 - deprecated_member_use
   info - 'withOpacity' is deprecated and shouldn't be used. Use .withValues() to avoid precision loss - lib\widgets\coding_heatmap.dart:46:35 - deprecated_member_use
   info - 'withOpacity' is deprecated and shouldn't be used. Use .withValues() to avoid precision loss - lib\widgets\coding_heatmap.dart:47:35 - deprecated_member_use
   info - 'withOpacity' is deprecated and shouldn't be used. Use .withValues() to avoid precision loss - lib\widgets\coding_heatmap.dart:48:35 - deprecated_member_use
   info - The variable name 'history_isEmpty_reason' isn't a lowerCamelCase identifier - lib\widgets\contest_analytics_section.dart:239:10 - non_constant_identifier_names
   info - Statements in a for should be enclosed in a block - lib\widgets\contest_analytics_section.dart:258:31 - curly_braces_in_flow_control_structures
   info - 'withOpacity' is deprecated and shouldn't be used. Use .withValues() to avoid precision loss - lib\widgets\contest_analytics_section.dart:365:49 - deprecated_member_use
   info - 'withOpacity' is deprecated and shouldn't be used. Use .withValues() to avoid precision loss - lib\widgets\contest_analytics_section.dart:366:49 - deprecated_member_use
   info - 'withOpacity' is deprecated and shouldn't be used. Use .withValues() to avoid precision loss - lib\widgets\contest_table.dart:52:46 - deprecated_member_use
   info - 'withOpacity' is deprecated and shouldn't be used. Use .withValues() to avoid precision loss - lib\widgets\contest_tracker_card.dart:67:42 - deprecated_member_use
   info - 'withOpacity' is deprecated and shouldn't be used. Use .withValues() to avoid precision loss - lib\widgets\contest_tracker_card.dart:68:45 - deprecated_member_use
   info - 'withOpacity' is deprecated and shouldn't be used. Use .withValues() to avoid precision loss - lib\widgets\contest_tracker_card.dart:96:66 - deprecated_member_use
   info - 'withOpacity' is deprecated and shouldn't be used. Use .withValues() to avoid precision loss - lib\widgets\developer_score_card.dart:110:26 - deprecated_member_use
   info - 'withOpacity' is deprecated and shouldn't be used. Use .withValues() to avoid precision loss - lib\widgets\developer_score_card.dart:110:51 - deprecated_member_use
   info - 'withOpacity' is deprecated and shouldn't be used. Use .withValues() to avoid precision loss - lib\widgets\developer_score_card.dart:111:26 - deprecated_member_use
   info - 'withOpacity' is deprecated and shouldn't be used. Use .withValues() to avoid precision loss - lib\widgets\developer_score_card.dart:111:51 - deprecated_member_use
   info - 'withOpacity' is deprecated and shouldn't be used. Use .withValues() to avoid precision loss - lib\widgets\developer_score_card.dart:124:34 - deprecated_member_use
   info - 'withOpacity' is deprecated and shouldn't be used. Use .withValues() to avoid precision loss - lib\widgets\developer_score_card.dart:194:42 - deprecated_member_use
   info - 'withOpacity' is deprecated and shouldn't be used. Use .withValues() to avoid precision loss - lib\widgets\developer_score_card.dart:245:51 - deprecated_member_use
   info - 'withOpacity' is deprecated and shouldn't be used. Use .withValues() to avoid precision loss - lib\widgets\difficulty_bar_chart.dart:145:40 - deprecated_member_use
   info - 'withOpacity' is deprecated and shouldn't be used. Use .withValues() to avoid precision loss - lib\widgets\modern_card.dart:33:33 - deprecated_member_use
   info - 'withOpacity' is deprecated and shouldn't be used. Use .withValues() to avoid precision loss - lib\widgets\modern_card.dart:51:50 - deprecated_member_use
   info - 'withOpacity' is deprecated and shouldn't be used. Use .withValues() to avoid precision loss - lib\widgets\modern_card.dart:51:83 - deprecated_member_use
warning - The value of the local variable 'isDark' isn't used - lib\widgets\monthly_progress_chart.dart:15:11 - unused_local_variable
warning - The value of the local variable 'monthStart' isn't used - lib\widgets\monthly_progress_chart.dart:26:13 - unused_local_variable
   info - 'withOpacity' is deprecated and shouldn't be used. Use .withValues() to avoid precision loss - lib\widgets\monthly_progress_chart.dart:55:52 - deprecated_member_use
   info - 'withOpacity' is deprecated and shouldn't be used. Use .withValues() to avoid precision loss - lib\widgets\monthly_progress_chart.dart:94:66 - deprecated_member_use
warning - Unused import: 'package:font_awesome_flutter/font_awesome_flutter.dart' - lib\widgets\not_connected_widget.dart:2:8 - unused_import
warning - Unused import: 'modern_card.dart' - lib\widgets\not_connected_widget.dart:3:8 - unused_import
warning - Unused import: '../theme/app_theme.dart' - lib\widgets\not_connected_widget.dart:4:8 - unused_import
   info - 'withOpacity' is deprecated and shouldn't be used. Use .withValues() to avoid precision loss - lib\widgets\not_connected_widget.dart:33:32 - deprecated_member_use
   info - 'withOpacity' is deprecated and shouldn't be used. Use .withValues() to avoid precision loss - lib\widgets\not_connected_widget.dart:39:32 - deprecated_member_use
   info - 'withOpacity' is deprecated and shouldn't be used. Use .withValues() to avoid precision loss - lib\widgets\not_connected_widget.dart:54:54 - deprecated_member_use
   info - 'withOpacity' is deprecated and shouldn't be used. Use .withValues() to avoid precision loss - lib\widgets\platform_quick_stats_grid.dart:137:32 - deprecated_member_use
warning - Unused import: 'package:font_awesome_flutter/font_awesome_flutter.dart' - lib\widgets\platform_stats_details.dart:8:8 - unused_import
   info - 'withOpacity' is deprecated and shouldn't be used. Use .withValues() to avoid precision loss - lib\widgets\problem_solving_trend_chart.dart:54:40 - deprecated_member_use
   info - 'withOpacity' is deprecated and shouldn't be used. Use .withValues() to avoid precision loss - lib\widgets\problem_solving_trend_chart.dart:120:44 - deprecated_member_use
   info - 'withOpacity' is deprecated and shouldn't be used. Use .withValues() to avoid precision loss - lib\widgets\problem_solving_trend_chart.dart:121:44 - deprecated_member_use
   info - 'withOpacity' is deprecated and shouldn't be used. Use .withValues() to avoid precision loss - lib\widgets\profile_summary_card.dart:33:58 - deprecated_member_use
   info - 'withOpacity' is deprecated and shouldn't be used. Use .withValues() to avoid precision loss - lib\widgets\profile_summary_card.dart:37:49 - deprecated_member_use
   info - 'withOpacity' is deprecated and shouldn't be used. Use .withValues() to avoid precision loss - lib\widgets\profile_summary_card.dart:59:56 - deprecated_member_use
   info - 'withOpacity' is deprecated and shouldn't be used. Use .withValues() to avoid precision loss - lib\widgets\profile_summary_card.dart:83:22 - deprecated_member_use
   info - 'withOpacity' is deprecated and shouldn't be used. Use .withValues() to avoid precision loss - lib\widgets\recent_submission_section.dart:103:28 - deprecated_member_use
   info - 'withOpacity' is deprecated and shouldn't be used. Use .withValues() to avoid precision loss - lib\widgets\recent_submission_section.dart:124:28 - deprecated_member_use
   info - 'withOpacity' is deprecated and shouldn't be used. Use .withValues() to avoid precision loss - lib\widgets\recent_submission_section.dart:187:28 - deprecated_member_use
   info - 'withOpacity' is deprecated and shouldn't be used. Use .withValues() to avoid precision loss - lib\widgets\skill_radar_chart.dart:48:49 - deprecated_member_use
   info - 'withOpacity' is deprecated and shouldn't be used. Use .withValues() to avoid precision loss - lib\widgets\skill_radar_chart.dart:67:54 - deprecated_member_use
   info - 'withOpacity' is deprecated and shouldn't be used. Use .withValues() to avoid precision loss - lib\widgets\streak_card.dart:145:48 - deprecated_member_use
   info - 'withOpacity' is deprecated and shouldn't be used. Use .withValues() to avoid precision loss - lib\widgets\streak_card.dart:227:32 - deprecated_member_use
   info - 'withOpacity' is deprecated and shouldn't be used. Use .withValues() to avoid precision loss - lib\widgets\submission_heatmap.dart:136:33 - deprecated_member_use
   info - 'withOpacity' is deprecated and shouldn't be used. Use .withValues() to avoid precision loss - lib\widgets\submission_heatmap.dart:137:33 - deprecated_member_use
   info - 'withOpacity' is deprecated and shouldn't be used. Use .withValues() to avoid precision loss - lib\widgets\submission_heatmap.dart:138:33 - deprecated_member_use
   info - 'withOpacity' is deprecated and shouldn't be used. Use .withValues() to avoid precision loss - lib\widgets\unified_analytics_card.dart:55:62 - deprecated_member_use
   info - 'withOpacity' is deprecated and shouldn't be used. Use .withValues() to avoid precision loss - lib\widgets\unified_analytics_card.dart:87:54 - deprecated_member_use
   info - 'withOpacity' is deprecated and shouldn't be used. Use .withValues() to avoid precision loss - lib\widgets\unified_analytics_card.dart:145:44 - deprecated_member_use
   info - 'withOpacity' is deprecated and shouldn't be used. Use .withValues() to avoid precision loss - lib\widgets\unified_analytics_card.dart:169:22 - deprecated_member_use
   info - 'withOpacity' is deprecated and shouldn't be used. Use .withValues() to avoid precision loss - lib\widgets\unified_analytics_card.dart:171:41 - deprecated_member_use
   info - 'withOpacity' is deprecated and shouldn't be used. Use .withValues() to avoid precision loss - lib\widgets\unified_analytics_card.dart:178:35 - deprecated_member_use
   info - 'withOpacity' is deprecated and shouldn't be used. Use .withValues() to avoid precision loss - lib\widgets\unified_analytics_card.dart:194:62 - deprecated_member_use
   info - 'withOpacity' is deprecated and shouldn't be used. Use .withValues() to avoid precision loss - lib\widgets\unified_analytics_card.dart:206:68 - deprecated_member_use
   info - 'withOpacity' is deprecated and shouldn't be used. Use .withValues() to avoid precision loss - lib\widgets\weekly_activity_chart.dart:140:69 - deprecated_member_use

